// Jest Snapshot v1, https://goo.gl/fbAQLP

exports[`SingleComment component renders correctly 1`] = `
ShallowWrapper {
  Symbol(enzyme.__root__): [Circular],
  Symbol(enzyme.__unrendered__): <SingleComment
    comment={Object {}}
  />,
  Symbol(enzyme.__renderer__): Object {
    "batchedUpdates": [Function],
    "getNode": [Function],
    "render": [Function],
    "simulateError": [Function],
    "simulateEvent": [Function],
    "unmount": [Function],
  },
  Symbol(enzyme.__node__): Object {
    "instance": null,
    "key": undefined,
    "nodeType": "host",
    "props": Object {
      "children": Array [
        <img
          className="comment-img"
        />,
        <div
          className="container-fluid"
        >
          <div
            className="comment-header"
          >
            <h4 />
            <span
              className="comment-date"
            >
              NaNd
            </span>
          </div>
        </div>,
      ],
      "className": "comments-scroll",
    },
    "ref": null,
    "rendered": Array [
      Object {
        "instance": null,
        "key": undefined,
        "nodeType": "host",
        "props": Object {
          "alt": undefined,
          "className": "comment-img",
          "src": undefined,
        },
        "ref": null,
        "rendered": null,
        "type": "img",
      },
      Object {
        "instance": null,
        "key": undefined,
        "nodeType": "host",
        "props": Object {
          "children": Array [
            <div
              className="comment-header"
            >
              <h4 />
              <span
                className="comment-date"
              >
                NaNd
              </span>
            </div>,
            undefined,
          ],
          "className": "container-fluid",
        },
        "ref": null,
        "rendered": Array [
          Object {
            "instance": null,
            "key": undefined,
            "nodeType": "host",
            "props": Object {
              "children": Array [
                <h4 />,
                <span
                  className="comment-date"
                >
                  NaNd
                </span>,
              ],
              "className": "comment-header",
            },
            "ref": null,
            "rendered": Array [
              Object {
                "instance": null,
                "key": undefined,
                "nodeType": "host",
                "props": Object {
                  "children": undefined,
                },
                "ref": null,
                "rendered": null,
                "type": "h4",
              },
              Object {
                "instance": null,
                "key": undefined,
                "nodeType": "host",
                "props": Object {
                  "children": "NaNd",
                  "className": "comment-date",
                },
                "ref": null,
                "rendered": "NaNd",
                "type": "span",
              },
            ],
            "type": "div",
          },
          undefined,
        ],
        "type": "div",
      },
    ],
    "type": "div",
  },
  Symbol(enzyme.__nodes__): Array [
    Object {
      "instance": null,
      "key": undefined,
      "nodeType": "host",
      "props": Object {
        "children": Array [
          <img
            className="comment-img"
          />,
          <div
            className="container-fluid"
          >
            <div
              className="comment-header"
            >
              <h4 />
              <span
                className="comment-date"
              >
                NaNd
              </span>
            </div>
          </div>,
        ],
        "className": "comments-scroll",
      },
      "ref": null,
      "rendered": Array [
        Object {
          "instance": null,
          "key": undefined,
          "nodeType": "host",
          "props": Object {
            "alt": undefined,
            "className": "comment-img",
            "src": undefined,
          },
          "ref": null,
          "rendered": null,
          "type": "img",
        },
        Object {
          "instance": null,
          "key": undefined,
          "nodeType": "host",
          "props": Object {
            "children": Array [
              <div
                className="comment-header"
              >
                <h4 />
                <span
                  className="comment-date"
                >
                  NaNd
                </span>
              </div>,
              undefined,
            ],
            "className": "container-fluid",
          },
          "ref": null,
          "rendered": Array [
            Object {
              "instance": null,
              "key": undefined,
              "nodeType": "host",
              "props": Object {
                "children": Array [
                  <h4 />,
                  <span
                    className="comment-date"
                  >
                    NaNd
                  </span>,
                ],
                "className": "comment-header",
              },
              "ref": null,
              "rendered": Array [
                Object {
                  "instance": null,
                  "key": undefined,
                  "nodeType": "host",
                  "props": Object {
                    "children": undefined,
                  },
                  "ref": null,
                  "rendered": null,
                  "type": "h4",
                },
                Object {
                  "instance": null,
                  "key": undefined,
                  "nodeType": "host",
                  "props": Object {
                    "children": "NaNd",
                    "className": "comment-date",
                  },
                  "ref": null,
                  "rendered": "NaNd",
                  "type": "span",
                },
              ],
              "type": "div",
            },
            undefined,
          ],
          "type": "div",
        },
      ],
      "type": "div",
    },
  ],
  Symbol(enzyme.__options__): Object {
    "adapter": ReactSixteenAdapter {
      "options": Object {
        "enableComponentDidUpdateOnSetState": true,
        "lifecycles": Object {
          "componentDidUpdate": Object {
            "onSetState": true,
          },
          "getDerivedStateFromProps": true,
          "getSnapshotBeforeUpdate": true,
          "setState": Object {
            "skipsComponentDidUpdateOnNullish": true,
          },
        },
      },
    },
  },
}
`;
